nohup: ignoring input
[18:26:27] Binary    : /workspaces/newQFE/K_from_BC/twisted_parallelogram_3d/ising_tri_twisted_parallelogram
[18:26:27] Data dir  : /workspaces/newQFE/K_from_BC/twisted_parallelogram_3d/out_binder_3d_ntraj1000_jkU4
[18:26:27] n_traj    : 1000
[18:26:27] n_therm   : 300
[18:26:27] n_skip    : 10
[18:26:27] K values  : 0.0650 0.0748 0.0861 0.0991 0.1140 0.1312 0.1510 0.1738 0.2001 0.2303 0.2650
[18:26:27] Sizes     : [32, 24, 16, 8]
[18:26:27] Total jobs: 44   max_workers=8
[18:26:27] First 8   : L=32/K=0.174  L=32/K=0.151  L=32/K=0.200  L=32/K=0.131  L=32/K=0.230  L=32/K=0.114  L=32/K=0.265  L=32/K=0.099
[18:26:27] Monitor   : tail -f /workspaces/newQFE/K_from_BC/twisted_parallelogram_3d/out_binder_3d_ntraj1000_jkU4/progress.log
[18:26:27] 
[18:26:27] START L=32  K=0.173839  seed=0x5EAE6B90  n_sites=32768  n_traj=1000
[18:26:27] START L=32  K=0.151047  seed=0x5EAEE5F9  n_sites=32768  n_traj=1000
[18:26:27] START L=32  K=0.200069  seed=0x5EA9F107  n_sites=32768  n_traj=1000
[18:26:27] START L=32  K=0.131244  seed=0x5EAF5E42  n_sites=32768  n_traj=1000
[18:26:27] START L=32  K=0.230257  seed=0x5EA974BE  n_sites=32768  n_traj=1000
[18:26:27] START L=32  K=0.114037  seed=0x5EAFD8AB  n_sites=32768  n_traj=1000
[18:26:27] START L=32  K=0.265000  seed=0x5EA8FA55  n_sites=32768  n_traj=1000
[18:26:27] START L=32  K=0.099086  seed=0x5EAC5534  n_sites=32768  n_traj=1000
[18:28:15] DONE  L=32  K=0.099086  OK  t=107s
[18:28:15] PROGRESS 1/44  remaining=43  ETA ~77.0 min
[18:28:15] START L=32  K=0.086095  seed=0x5EACCF9D  n_sites=32768  n_traj=1000
[18:28:16] DONE  L=32  K=0.114037  OK  t=108s  U4=0.2768±0.1373
[18:28:16] PROGRESS 2/44  remaining=42  ETA ~37.9 min
[18:28:16] START L=32  K=0.074808  seed=0x5EAD49E6  n_sites=32768  n_traj=1000
[18:28:19] DONE  L=32  K=0.131244  OK  t=111s
[18:28:19] PROGRESS 3/44  remaining=41  ETA ~25.3 min
[18:28:19] START L=32  K=0.065000  seed=0x5EADC24F  n_sites=32768  n_traj=1000
[18:28:19] DONE  L=32  K=0.151047  OK  t=111s
[18:28:19] PROGRESS 4/44  remaining=40  ETA ~18.5 min
[18:28:19] START L=24  K=0.173839  seed=0x5EAE08B8  n_sites=13824  n_traj=1000
[18:29:57] DONE  L=32  K=0.086095  OK  t=102s
[18:29:57] PROGRESS 5/44  remaining=39  ETA ~27.3 min
[18:29:57] START L=24  K=0.151047  seed=0x5EAE8501  n_sites=13824  n_traj=1000
[18:29:59] DONE  L=32  K=0.074808  OK  t=103s
[18:29:59] PROGRESS 6/44  remaining=38  ETA ~22.3 min
[18:29:59] START L=24  K=0.200069  seed=0x5EA98E2F  n_sites=13824  n_traj=1000
[18:30:01] DONE  L=32  K=0.065000  OK  t=102s  U4=-0.7898±0.3721
[18:30:01] PROGRESS 7/44  remaining=37  ETA ~18.8 min
[18:30:01] START L=24  K=0.131244  seed=0x5EAF7F6A  n_sites=13824  n_traj=1000
[18:30:11] DONE  L=24  K=0.173839  OK  t=113s
[18:30:11] PROGRESS 8/44  remaining=36  ETA ~16.8 min
[18:30:11] START L=24  K=0.230257  seed=0x5EA915C6  n_sites=13824  n_traj=1000
[18:30:41] DONE  L=24  K=0.151047  OK  t=43s
[18:30:41] PROGRESS 9/44  remaining=35  ETA ~16.4 min
[18:30:41] START L=24  K=0.114037  seed=0x5EAFF9F3  n_sites=13824  n_traj=1000
[18:30:45] DONE  L=24  K=0.131244  OK  t=44s  U4=0.2463±0.1313
[18:30:45] PROGRESS 10/44  remaining=34  ETA ~14.6 min
[18:30:45] START L=24  K=0.265000  seed=0x5EA89B7D  n_sites=13824  n_traj=1000
