nohup: ignoring input
[18:31:07] Binary    : /workspaces/newQFE/K_from_BC/twisted_parallelogram_3d/ising_tri_twisted_parallelogram
[18:31:07] Data dir  : /workspaces/newQFE/K_from_BC/twisted_parallelogram_3d/out_binder_3d_ntraj1000_jk_cluster
[18:31:07] n_traj    : 1000
[18:31:07] n_therm   : 300
[18:31:07] n_skip    : 10
[18:31:07] K values  : 0.0650 0.0748 0.0861 0.0991 0.1140 0.1312 0.1510 0.1738 0.2001 0.2303 0.2650
[18:31:07] Sizes     : [32, 24, 16, 8]
[18:31:07] Total jobs: 44   max_workers=8
[18:31:07] First 8   : L=32/K=0.174  L=32/K=0.151  L=32/K=0.200  L=32/K=0.131  L=32/K=0.230  L=32/K=0.114  L=32/K=0.265  L=32/K=0.099
[18:31:07] Monitor   : tail -f /workspaces/newQFE/K_from_BC/twisted_parallelogram_3d/out_binder_3d_ntraj1000_jk_cluster/progress.log
[18:31:07] 
[18:31:07] START L=32  K=0.173839  seed=0x5EAE6B90  n_sites=32768  n_traj=1000
[18:31:07] START L=32  K=0.151047  seed=0x5EAEE5F9  n_sites=32768  n_traj=1000
[18:31:07] START L=32  K=0.200069  seed=0x5EA9F107  n_sites=32768  n_traj=1000
[18:31:07] START L=32  K=0.131244  seed=0x5EAF5E42  n_sites=32768  n_traj=1000
[18:31:07] START L=32  K=0.230257  seed=0x5EA974BE  n_sites=32768  n_traj=1000
[18:31:07] START L=32  K=0.114037  seed=0x5EAFD8AB  n_sites=32768  n_traj=1000
[18:31:07] START L=32  K=0.265000  seed=0x5EA8FA55  n_sites=32768  n_traj=1000
[18:31:07] START L=32  K=0.099086  seed=0x5EAC5534  n_sites=32768  n_traj=1000
[18:32:54] DONE  L=32  K=0.099086  OK  t=108s
[18:32:54] PROGRESS 1/44  remaining=43  ETA ~77.1 min
[18:32:54] START L=32  K=0.086095  seed=0x5EACCF9D  n_sites=32768  n_traj=1000
[18:32:56] DONE  L=32  K=0.114037  OK  t=109s  U4=0.0024±0.0001
[18:32:56] PROGRESS 2/44  remaining=42  ETA ~38.1 min
[18:32:56] START L=32  K=0.074808  seed=0x5EAD49E6  n_sites=32768  n_traj=1000
[18:33:01] DONE  L=32  K=0.131244  OK  t=114s
[18:33:01] PROGRESS 3/44  remaining=41  ETA ~25.9 min
[18:33:01] START L=32  K=0.065000  seed=0x5EADC24F  n_sites=32768  n_traj=1000
[18:33:01] DONE  L=32  K=0.151047  OK  t=114s
[18:33:01] PROGRESS 4/44  remaining=40  ETA ~19.0 min
[18:33:01] START L=24  K=0.173839  seed=0x5EAE08B8  n_sites=13824  n_traj=1000
[18:34:38] DONE  L=32  K=0.086095  OK  t=104s
[18:34:38] PROGRESS 5/44  remaining=39  ETA ~27.5 min
[18:34:38] START L=24  K=0.151047  seed=0x5EAE8501  n_sites=13824  n_traj=1000
[18:34:41] DONE  L=32  K=0.074808  OK  t=106s
[18:34:41] PROGRESS 6/44  remaining=38  ETA ~22.7 min
[18:34:41] START L=24  K=0.200069  seed=0x5EA98E2F  n_sites=13824  n_traj=1000
[18:34:42] DONE  L=32  K=0.065000  OK  t=101s  U4=0.0003±0.0000
[18:34:42] PROGRESS 7/44  remaining=37  ETA ~19.0 min
[18:34:42] START L=24  K=0.131244  seed=0x5EAF7F6A  n_sites=13824  n_traj=1000
[18:34:47] DONE  L=24  K=0.173839  OK  t=106s
[18:34:47] PROGRESS 8/44  remaining=36  ETA ~16.5 min
[18:34:47] START L=24  K=0.230257  seed=0x5EA915C6  n_sites=13824  n_traj=1000
[18:35:14] DONE  L=24  K=0.151047  OK  t=36s
[18:35:14] PROGRESS 9/44  remaining=35  ETA ~16.0 min
[18:35:14] START L=24  K=0.114037  seed=0x5EAFF9F3  n_sites=13824  n_traj=1000
[18:35:16] DONE  L=24  K=0.131244  OK  t=33s  U4=0.0165±0.0009
[18:35:16] PROGRESS 10/44  remaining=34  ETA ~14.1 min
[18:35:16] START L=24  K=0.265000  seed=0x5EA89B7D  n_sites=13824  n_traj=1000
[18:35:43] DONE  L=24  K=0.114037  OK  t=29s
[18:35:43] PROGRESS 11/44  remaining=33  ETA ~13.8 min
[18:35:43] START L=24  K=0.099086  seed=0x5EAC725C  n_sites=13824  n_traj=1000
[18:35:59] DONE  L=32  K=0.173839  OK  t=293s
[18:35:59] PROGRESS 12/44  remaining=32  ETA ~13.0 min
[18:35:59] START L=24  K=0.086095  seed=0x5EACECA5  n_sites=13824  n_traj=1000
[18:36:15] DONE  L=24  K=0.099086  OK  t=32s
[18:36:15] PROGRESS 13/44  remaining=31  ETA ~12.3 min
[18:36:15] START L=24  K=0.074808  seed=0x5EAD690E  n_sites=13824  n_traj=1000
[18:36:30] DONE  L=24  K=0.086095  OK  t=30s
[18:36:30] PROGRESS 14/44  remaining=30  ETA ~11.5 min
[18:36:30] START L=24  K=0.065000  seed=0x5EADE397  n_sites=13824  n_traj=1000
[18:36:45] DONE  L=24  K=0.074808  OK  t=30s
[18:36:45] PROGRESS 15/44  remaining=29  ETA ~10.9 min
[18:36:45] START L=16  K=0.173839  seed=0x5EAE29C0  n_sites=4096  n_traj=1000
[18:37:00] DONE  L=24  K=0.065000  OK  t=30s  U4=0.0007±0.0000
[18:37:00] PROGRESS 16/44  remaining=28  ETA ~10.3 min
[18:37:00] START L=16  K=0.151047  seed=0x5EAEA229  n_sites=4096  n_traj=1000
[18:37:01] DONE  L=24  K=0.200069  OK  t=139s
[18:37:01] PROGRESS 17/44  remaining=27  ETA ~9.4 min
[18:37:01] START L=16  K=0.200069  seed=0x5EA9AF77  n_sites=4096  n_traj=1000
[18:37:03] DONE  L=16  K=0.173839  OK  t=18s  U4=0.9987±0.0000
[18:37:03] PROGRESS 18/44  remaining=26  ETA ~8.6 min
[18:37:03] START L=16  K=0.131244  seed=0x5EAF1CB2  n_sites=4096  n_traj=1000
[18:37:07] DONE  L=16  K=0.151047  OK  t=7s
[18:37:07] PROGRESS 19/44  remaining=25  ETA ~7.9 min
[18:37:07] START L=16  K=0.230257  seed=0x5EA932EE  n_sites=4096  n_traj=1000
[18:37:10] DONE  L=16  K=0.131244  OK  t=7s
[18:37:10] PROGRESS 20/44  remaining=24  ETA ~7.3 min
[18:37:10] START L=16  K=0.114037  seed=0x5EAF991B  n_sites=4096  n_traj=1000
[18:37:16] DONE  L=16  K=0.114037  OK  t=6s
[18:37:16] PROGRESS 21/44  remaining=23  ETA ~6.7 min
[18:37:16] START L=16  K=0.265000  seed=0x5EA8B885  n_sites=4096  n_traj=1000
[18:37:20] DONE  L=16  K=0.200069  OK  t=19s
[18:37:20] PROGRESS 22/44  remaining=22  ETA ~6.2 min
[18:37:20] START L=16  K=0.099086  seed=0x5EAC1364  n_sites=4096  n_traj=1000
[18:37:23] DONE  L=24  K=0.230257  OK  t=156s
[18:37:23] PROGRESS 23/44  remaining=21  ETA ~5.7 min
[18:37:23] START L=16  K=0.086095  seed=0x5EAC8DCD  n_sites=4096  n_traj=1000
[18:37:27] DONE  L=32  K=0.200069  OK  t=380s
[18:37:27] PROGRESS 24/44  remaining=20  ETA ~5.3 min
[18:37:27] START L=16  K=0.074808  seed=0x5EAD0656  n_sites=4096  n_traj=1000
[18:37:27] DONE  L=16  K=0.099086  OK  t=6s
[18:37:27] PROGRESS 25/44  remaining=19  ETA ~4.8 min
[18:37:27] START L=16  K=0.065000  seed=0x5EAD80BF  n_sites=4096  n_traj=1000
[18:37:29] DONE  L=16  K=0.086095  OK  t=6s
[18:37:29] PROGRESS 26/44  remaining=18  ETA ~4.4 min
[18:37:29] START L= 8  K=0.173839  seed=0x5EAEC6E8  n_sites=512  n_traj=1000
[18:37:31] DONE  L= 8  K=0.173839  OK  t=2s
[18:37:31] PROGRESS 27/44  remaining=17  ETA ~4.0 min
[18:37:31] START L= 8  K=0.151047  seed=0x5EAF4371  n_sites=512  n_traj=1000
[18:37:31] DONE  L=16  K=0.230257  OK  t=24s
[18:37:31] PROGRESS 28/44  remaining=16  ETA ~3.7 min
[18:37:31] START L= 8  K=0.200069  seed=0x5EAE4C9F  n_sites=512  n_traj=1000
[18:37:31] DONE  L= 8  K=0.151047  OK  t=1s
[18:37:31] PROGRESS 29/44  remaining=15  ETA ~3.3 min
[18:37:31] START L= 8  K=0.131244  seed=0x5EAF3DDA  n_sites=512  n_traj=1000
[18:37:32] DONE  L= 8  K=0.131244  OK  t=1s
[18:37:32] PROGRESS 30/44  remaining=14  ETA ~3.0 min
[18:37:32] START L= 8  K=0.230257  seed=0x5EA9D236  n_sites=512  n_traj=1000
[18:37:33] DONE  L=16  K=0.065000  OK  t=7s
[18:37:33] PROGRESS 31/44  remaining=13  ETA ~2.7 min
[18:37:33] START L= 8  K=0.114037  seed=0x5EAFB623  n_sites=512  n_traj=1000
[18:37:33] DONE  L= 8  K=0.200069  OK  t=2s
[18:37:33] PROGRESS 32/44  remaining=12  ETA ~2.4 min
[18:37:33] START L= 8  K=0.265000  seed=0x5EA959AD  n_sites=512  n_traj=1000
[18:37:34] DONE  L=16  K=0.074808  OK  t=7s
[18:37:34] PROGRESS 33/44  remaining=11  ETA ~2.2 min
[18:37:34] START L= 8  K=0.099086  seed=0x5EAC308C  n_sites=512  n_traj=1000
[18:37:34] DONE  L= 8  K=0.114037  OK  t=1s
[18:37:34] PROGRESS 34/44  remaining=10  ETA ~1.9 min
[18:37:34] START L= 8  K=0.086095  seed=0x5EACAD15  n_sites=512  n_traj=1000
[18:37:35] DONE  L= 8  K=0.230257  OK  t=2s
[18:37:35] PROGRESS 35/44  remaining=9  ETA ~1.7 min
[18:37:35] START L= 8  K=0.074808  seed=0x5EAD277E  n_sites=512  n_traj=1000
[18:37:35] DONE  L= 8  K=0.099086  OK  t=1s
[18:37:35] PROGRESS 36/44  remaining=8  ETA ~1.4 min
[18:37:35] START L= 8  K=0.065000  seed=0x5EADA1C7  n_sites=512  n_traj=1000
[18:37:35] DONE  L= 8  K=0.086095  OK  t=1s
[18:37:35] PROGRESS 37/44  remaining=7  ETA ~1.2 min
[18:37:35] DONE  L= 8  K=0.074808  OK  t=1s
[18:37:35] PROGRESS 38/44  remaining=6  ETA ~1.0 min
[18:37:36] DONE  L= 8  K=0.065000  OK  t=1s
[18:37:36] PROGRESS 39/44  remaining=5  ETA ~0.8 min
[18:37:36] DONE  L= 8  K=0.265000  OK  t=3s  U4=0.9998±0.0000
[18:37:36] PROGRESS 40/44  remaining=4  ETA ~0.6 min
[18:37:39] DONE  L=16  K=0.265000  OK  t=22s
[18:37:39] PROGRESS 41/44  remaining=3  ETA ~0.5 min
[18:37:42] DONE  L=24  K=0.265000  OK  t=146s  U4=1.0000±0.0000
[18:37:42] PROGRESS 42/44  remaining=2  ETA ~0.3 min
[18:37:47] DONE  L=32  K=0.230257  OK  t=400s  U4=1.0000±0.0000
[18:37:47] PROGRESS 43/44  remaining=1  ETA ~0.2 min
[18:37:48] DONE  L=32  K=0.265000  OK  t=401s
[18:37:48] PROGRESS 44/44  remaining=0  ETA ~0.0 min
[18:37:48] All jobs complete.
[18:37:48] Summary : /workspaces/newQFE/K_from_BC/twisted_parallelogram_3d/out_binder_3d_ntraj1000_jk_cluster/summary.tsv
[18:37:48] Plot    : python plot_binder_crossing.py
